Microchip MPLAB XC8 Compiler V2.50

Linker command line:

-W-3 \
  --edf=C:\Program Files\Microchip\xc8\v2.50\pic\dat\20240725155939_en.msgs \
  -cn -h+dist/default/production\UART_PIC.X.production.sym \
  --cmf=dist/default/production\UART_PIC.X.production.cmf -z -Q18F4550 \
  -oC:\Users\PAWAN\AppData\Local\Temp\xcAsgvg.\driver_tmp_3.o \
  --defsym=__MPLAB_BUILD=1 --fixupoverflow=error \
  -Mdist/default/production/UART_PIC.X.production.map \
  --md=C:\Users\PAWAN\AppData\Local\Temp\xcAsgvg.\driver_tmp_0.dat -E1 \
  -ver=XC8 Compiler --acfsm=1493 -ACODE=00h-07FFFh -ACONST=00h-07FFFh \
  -ASMALLCONST=0800h-08FFhx120 -AMEDIUMCONST=0800h-07FFFh -ACOMRAM=01h-05Fh \
  -AABS1=00h-07FFh -ABIGRAM=01h-07FFh -ARAM=060h-0FFh,0100h-01FFhx7 \
  -ABANK0=060h-0FFh -ABANK1=0100h-01FFh -ABANK2=0200h-02FFh \
  -ABANK3=0300h-03FFh -ABANK4=0400h-04FFh -ABANK5=0500h-05FFh \
  -ABANK6=0600h-06FFh -ABANK7=0700h-07FFh -ASFR=0F60h-0FFFh \
  -ABIGSFR=0F60h-0FFFh -ACONFIG=0300000h-030000Dh -AIDLOC=0200000h-0200007h \
  -AEEDATA=0F00000h-0F000FFh -peeprom_data=EEDATA \
  -preset_vec=00h,intcode,sivt_hi,intcodelo,sivt_lo,powerup,init \
  -pramtop=0800h -psmallconst=SMALLCONST -pmediumconst=MEDIUMCONST \
  -pconst=CONST -AFARRAM=00h-00h \
  -prdata=COMRAM,nvrram=COMRAM,nvbit=COMRAM,rbss=COMRAM,rbit=COMRAM \
  -pfarbss=FARRAM,fardata=FARRAM,nvFARRAM=FARRAM \
  -pintsave_regs=BIGRAM,bigbss=BIGRAM,bigdata=BIGRAM -pbss=RAM \
  -pidata=CODE,irdata=CODE,ibigdata=CODE,ifardata=CODE -prparam=COMRAM \
  C:\Users\PAWAN\AppData\Local\Temp\xcAsgvg.\driver_tmp_9.o \
  dist/default/production\UART_PIC.X.production.o 

Object code version is 3.11

Machine type is 18F4550



                Name                               Link     Load   Length Selector   Space Scale
C:\Users\PAWAN\AppData\Local\Temp\xcAsgvg.\driver_tmp_9.o
                init                                  0        0        4        0       0
dist/default/production\UART_PIC.X.production.o
                smallconst                          800      800       10      400       0
                text3                               866      866       12      408       0
                text2                               83C      83C       16      408       0
                text1                               810      810       2C      408       0
                text0                               852      852       14      408       0
                cstackCOMRAM                          1        1        2        1       1
                cinit                               878      878        E      408       0

TOTAL           Name                               Link     Load   Length     Space
        CLASS   CODE           
                init                                  0        0        4         0
                text3                               866      866       12         0
                text2                               83C      83C       16         0
                text1                               810      810       2C         0
                text0                               852      852       14         0
                cinit                               878      878        E         0

        CLASS   CONST          

        CLASS   SMALLCONST     
                smallconst                          800      800       10         0

        CLASS   MEDIUMCONST    

        CLASS   COMRAM         
                cstackCOMRAM                          1        1        2         1

        CLASS   ABS1           

        CLASS   BIGRAM         

        CLASS   RAM            

        CLASS   BANK0          

        CLASS   BANK1          

        CLASS   BANK2          

        CLASS   BANK3          

        CLASS   BANK4          

        CLASS   BANK5          

        CLASS   BANK6          

        CLASS   BANK7          

        CLASS   SFR            

        CLASS   BIGSFR         

        CLASS   CONFIG         

        CLASS   IDLOC          

        CLASS   EEDATA         

        CLASS   FARRAM         

        CLASS   HEAP           

        CLASS   STACK          



SEGMENTS        Name                           Load    Length   Top    Selector   Space  Class

                reset_vec                      000000  000004  000004         0       0  CODE    
                cstackCOMRAM                   000001  000002  000003         1       1  COMRAM  
                smallconst                     000800  000010  000810       400       0  SMALLCON
                text1                          000810  000076  000886       408       0  CODE    


UNUSED ADDRESS RANGES

        Name                Unused          Largest block    Delta
        BANK0            0060-00FF             A0
        BANK1            0100-01FF            100
        BANK2            0200-02FF            100
        BANK3            0300-03FF            100
        BANK4            0400-04FF            100
        BANK5            0500-05FF            100
        BANK6            0600-06FF            100
        BANK7            0700-07FF            100
        BIGRAM           0003-07FF            7FD
        BIGSFR           0F60-0FFF             A0
        CODE             0004-07FF            7FC
                         0886-7FFF           777A
        COMRAM           0003-005F             5D
        CONFIG           300000-30000D              E
        CONST            0004-07FF            7FC
                         0886-7FFF           777A
        EEDATA           F00000-F000FF            100
        IDLOC            200000-200007              8
        MEDIUMCONST      0886-7FFF           777A
        RAM              0060-07FF            100
        SFR              0F60-0FFF             A0
        SMALLCONST       0886-7FFF            100

                                  Symbol Table

UART_SendString@str      cstackCOMRAM 0002
UART_Tx@x                cstackCOMRAM 0001
_RCSTA                   (abs)        0FAB
_SPBRG                   (abs)        0FAF
_TRISC6                  (abs)        7CA6
_TRISC7                  (abs)        7CA7
_TXIF                    (abs)        7CF4
_TXREG                   (abs)        0FAD
_TXSTA                   (abs)        0FAC
_UART_Init               text3        0866
_UART_SendString         text1        0810
_UART_Tx                 text2        083C
__HRAM                   (abs)        0000
__H__absolute__          __absolute__ 0000
__Habs1                  abs1         0000
__Hbank0                 bank0        0000
__Hbank1                 bank1        0000
__Hbank2                 bank2        0000
__Hbank3                 bank3        0000
__Hbank4                 bank4        0000
__Hbank5                 bank5        0000
__Hbank6                 bank6        0000
__Hbank7                 bank7        0000
__Hbigbss                bigbss       0000
__Hbigdata               bigdata      0000
__Hbigram                bigram       0000
__Hbigsfr                bigsfr       0000
__Hbss                   bss          0000
__Hcinit                 cinit        0000
__Hclrtext               clrtext      0000
__Hcomram                comram       0000
__Hconfig                config       0000
__Hconst                 const        0000
__HcstackCOMRAM          cstackCOMRAM 0000
__Hdata                  data         0000
__Heeprom_data           eeprom_data  0000
__Hfarbss                farbss       0000
__Hfardata               fardata      0000
__Hheap                  heap         0000
__Hibigdata              ibigdata     0000
__Hidata                 idata        0000
__Hidloc                 idloc        0000
__Hifardata              ifardata     0000
__Hinit                  init         0004
__Hintcode               intcode      0000
__Hintcode_body          intcode_body 0000
__Hintcodelo             intcodelo    0000
__Hintentry              intentry     0000
__Hintret                intret       0000
__Hintsave_regs          intsave_regs 0000
__Hirdata                irdata       0000
__Hmediumconst           mediumconst  0000
__HnvFARRAM              nvFARRAM     0000
__Hnvbit                 nvbit        0000
__Hnvrram                nvrram       0000
__Hparam                 rparam       0000
__Hpowerup               powerup      0000
__Hram                   ram          0000
__Hramtop                ramtop       0800
__Hrbit                  rbit         0000
__Hrbss                  rbss         0000
__Hrdata                 rdata        0000
__Hreset_vec             reset_vec    0000
__Hrparam                rparam       0000
__Hsfr                   sfr          0000
__Hsivt_hi               sivt_hi      0000
__Hsivt_lo               sivt_lo      0000
__Hsmallconst            smallconst   0810
__Hspace_0               (abs)        0886
__Hspace_1               (abs)        0003
__Hspace_2               (abs)        0000
__Hspace_4               (abs)        0000
__Hstack                 stack        0000
__Hstruct                struct       0000
__Htemp                  temp         0000
__Htext                  text         0000
__Htext0                 text0        0000
__Htext1                 text1        0000
__Htext2                 text2        0000
__Htext3                 text3        0000
__LRAM                   (abs)        0001
__L__absolute__          __absolute__ 0000
__Labs1                  abs1         0000
__Lbank0                 bank0        0000
__Lbank1                 bank1        0000
__Lbank2                 bank2        0000
__Lbank3                 bank3        0000
__Lbank4                 bank4        0000
__Lbank5                 bank5        0000
__Lbank6                 bank6        0000
__Lbank7                 bank7        0000
__Lbigbss                bigbss       0000
__Lbigdata               bigdata      0000
__Lbigram                bigram       0000
__Lbigsfr                bigsfr       0000
__Lbss                   bss          0000
__Lcinit                 cinit        0000
__Lclrtext               clrtext      0000
__Lcomram                comram       0000
__Lconfig                config       0000
__Lconst                 const        0000
__LcstackCOMRAM          cstackCOMRAM 0000
__Ldata                  data         0000
__Leeprom_data           eeprom_data  0000
__Lfarbss                farbss       0000
__Lfardata               fardata      0000
__Lheap                  heap         0000
__Libigdata              ibigdata     0000
__Lidata                 idata        0000
__Lidloc                 idloc        0000
__Lifardata              ifardata     0000
__Linit                  init         0000
__Lintcode               intcode      0000
__Lintcode_body          intcode_body 0000
__Lintcodelo             intcodelo    0000
__Lintentry              intentry     0000
__Lintret                intret       0000
__Lintsave_regs          intsave_regs 0000
__Lirdata                irdata       0000
__Lmediumconst           mediumconst  0000
__LnvFARRAM              nvFARRAM     0000
__Lnvbit                 nvbit        0000
__Lnvrram                nvrram       0000
__Lparam                 rparam       0000
__Lpowerup               powerup      0000
__Lram                   ram          0000
__Lramtop                ramtop       0800
__Lrbit                  rbit         0000
__Lrbss                  rbss         0000
__Lrdata                 rdata        0000
__Lreset_vec             reset_vec    0000
__Lrparam                rparam       0000
__Lsfr                   sfr          0000
__Lsivt_hi               sivt_hi      0000
__Lsivt_lo               sivt_lo      0000
__Lsmallconst            smallconst   0800
__Lspace_0               (abs)        0000
__Lspace_1               (abs)        0000
__Lspace_2               (abs)        0000
__Lspace_4               (abs)        0000
__Lstack                 stack        0000
__Lstruct                struct       0000
__Ltemp                  temp         0000
__Ltext                  text         0000
__Ltext0                 text0        0000
__Ltext1                 text1        0000
__Ltext2                 text2        0000
__Ltext3                 text3        0000
__S0                     (abs)        0886
__S1                     (abs)        0003
__S4                     (abs)        0000
__S5                     (abs)        0000
___heap_hi               (abs)        0000
___heap_lo               (abs)        0000
___inthi_sp              stack        0000
___inthi_stack_hi        stack        0000
___inthi_stack_lo        stack        0000
___intlo_sp              stack        0000
___intlo_stack_hi        stack        0000
___intlo_stack_lo        stack        0000
___param_bank            (abs)        0000
___rparam_used           (abs)        0001
___sp                    stack        0000
___stack_hi              stack        0000
___stack_lo              stack        0000
__accesstop              (abs)        0060
__activetblptr           (abs)        0001
__end_of_UART_Init       text3        0878
__end_of_UART_SendString text1        083C
__end_of_UART_Tx         text2        0852
__end_of__initialization cinit        0878
__end_of_main            text0        0866
__initialization         cinit        0878
__mediumconst            mediumconst  0000
__pcinit                 cinit        0878
__pcstackCOMRAM          cstackCOMRAM 0001
__psmallconst            smallconst   0800
__ptext0                 text0        0852
__ptext1                 text1        0810
__ptext2                 text2        083C
__ptext3                 text3        0866
__ramtop                 ramtop       0800
__smallconst             smallconst   0800
_main                    text0        0852
end_of_initialization    cinit        0878
intlevel0                text         0000
intlevel1                text         0000
intlevel2                text         0000
intlevel3                text         0000
isa$std                  (abs)        0001
isa$xinst                (abs)        0000
stackhi                  (abs)        0000
stacklo                  (abs)        0000
start                    init         0000
start_initialization     cinit        0878


MODULE INFORMATION

Module		Function		Class		Link	Load	Size
shared
		__initialization		CODE           	0878	0000	1

shared estimated size: 1

main.c
		_UART_SendString		CODE           	0810	0000	44
		_UART_Init     		CODE           	0866	0000	18
		_main          		CODE           	0852	0000	20
		_UART_Tx       		CODE           	083C	0000	22

main.c estimated size: 104

